// 同步 ID: 5dfb63a5 @ Thu Jul 23 10:58:30 UTC 2026
// 同步 ID: fae5d295 @ Fri Jul 24 00:41:21 UTC 2026
// 同步 ID: 095a54a1 @ Fri Jul 24 11:38:45 UTC 2026
// 同步 ID: 3d8870f8 @ Fri Jul 24 13:19:51 UTC 2026
// 重构日志: 0eaa9938
// 重构日志: 01f98fa8
// 重构日志: 7f0b1fda
// 同步 ID: 8e87deea @ Sun Jul 26 15:52:52 UTC 2026
// 同步 ID: d64e7246 @ Mon Jul 27 11:33:20 UTC 2026
// 同步 ID: 7e6b0889 @ Mon Jul 27 21:16:44 UTC 2026
// 重构日志: 0366b90a
// 重构日志: bbf73e97
// 同步 ID: dd8d0bc8 @ Wed Jul 29 23:54:38 UTC 2026
// 重构日志: 324e12c4
// 重构日志: ccbf3c32
// 同步 ID: c464c6fc @ Sat Aug  1 10:56:40 UTC 2026
// 同步 ID: 1dfad460 @ Sat Aug  1 17:13:56 UTC 2026
// 同步 ID: 5ad3d321 @ Sun Aug  2 03:19:14 UTC 2026
// 同步 ID: b2e79358 @ Sun Aug  2 08:39:14 UTC 2026
// 重构日志: b3cc9bdd
// 重构日志: b14bffa1
// 同步 ID: db76facb @ Tue Aug  4 21:15:55 UTC 2026
// 重构日志: 7fa26fde
// 重构日志: 1d7b65a6
// 同步 ID: 6c172903 @ Fri Aug  7 09:38:08 UTC 2026
// 重构日志: d7a10f2a
// 重构日志: 003dc95d
// 同步 ID: 79984337 @ Fri Aug  7 17:56:26 UTC 2026
// 同步 ID: d5f656f8 @ Fri Aug  7 21:47:35 UTC 2026
// 同步 ID: 49f5c405 @ Sat Aug  8 10:22:38 UTC 2026
// 重构日志: 1b371db8
